<?xml version="1.0" encoding="utf-8"?><testsuites name="pytest tests"><testsuite name="pytest" errors="0" failures="0" skipped="0" tests="13" time="4.697" timestamp="2026-02-18T15:20:15.717689+00:00" hostname="runnervmjduv7"><testcase classname="tests.unit.test_tiny_social_network" name="test_tiny_social_network_initialization" time="0.001" /><testcase classname="tests.unit.test_tiny_social_network" name="test_tiny_social_network_add_relation" time="2.784" /><testcase classname="tests.unit.test_tiny_social_network" name="test_tiny_social_network_multiple_relations" time="0.008" /><testcase classname="tests.unit.test_tiny_social_network" name="test_tiny_social_network_is_in_relation_with" time="0.007" /><testcase classname="tests.unit.test_tiny_social_network" name="test_tiny_social_network_agent_accessibility" time="0.008" /><testcase classname="tests.unit.test_tiny_social_network" name="test_tiny_social_network_reach_out_action" time="0.008" /><testcase classname="tests.unit.test_tiny_social_network" name="test_tiny_social_network_step_function" time="0.084" /><testcase classname="tests.unit.test_tiny_social_network" name="test_tiny_social_network_serialization" time="0.005" /><testcase classname="tests.unit.test_tiny_social_network" name="test_tiny_social_network_chaining" time="0.008" /><testcase classname="tests.unit.test_tiny_social_network" name="test_tiny_social_network_edge_cases" time="0.005" /><testcase classname="tests.unit.test_tiny_social_network" name="test_tiny_social_network_empty_relations" time="0.048" /><testcase classname="tests.unit.test_tiny_social_network" name="test_tiny_social_network_nonexistent_relation_check" time="0.007" /><testcase classname="tests.unit.test_tiny_social_network" name="test_tiny_social_network_large_scale" time="0.007" /></testsuite></testsuites>